Microchip MPLAB XC8 Compiler V3.10

Linker command line:

-W-3 \
  --edf=C:\Program Files\Microchip\xc8\v3.10\pic\dat\20250813170317_en.msgs \
  -cn -h+dist/default/production\LEDsBlinking.X.production.sym \
  --cmf=dist/default/production\LEDsBlinking.X.production.cmf -z -Q16F877A \
  -oC:\Users\Abdullah\AppData\Local\Temp\xcAsg5s.0\driver_tmp_3.o \
  --defsym=__MPLAB_BUILD=1 --fixupoverflow=error \
  -Mdist/default/production/LEDsBlinking.X.production.map \
  --md=C:\Users\Abdullah\AppData\Local\Temp\xcAsg5s.0\driver_tmp_0.dat -E1 \
  -ver=XC8 Compiler -ACODE=00h-07FFhx4 -ASTRCODE=00h-01FFFh \
  -ASTRING=00h-0FFhx32 -ACONST=00h-0FFhx32 -AENTRY=00h-0FFhx32 \
  -ACOMMON=070h-07Fh -ABANK0=020h-06Fh -ABANK1=0A0h-0EFh \
  -ABANK2=0110h-016Fh -ABANK3=0190h-01EFh \
  -ARAM=020h-06Fh,0A0h-0EFh,0110h-016Fh,0190h-01EFh \
  -AABS1=020h-07Fh,0A0h-0EFh,0110h-016Fh,0190h-01EFh -ASFR0=00h-01Fh \
  -ASFR1=080h-09Fh -ASFR2=0100h-010Fh -ASFR3=0180h-018Fh \
  -ACONFIG=02007h-02007h -DCONFIG=2 -AIDLOC=02000h-02003h -DIDLOC=2 \
  -AEEDATA=00h-0FFh/02100h -peeprom_data=EEDATA -DEEDATA=2 -DCODE=2 \
  -DSTRCODE=2 -DSTRING=2 -DCONST=2 -DENTRY=2 \
  -preset_vec=00h,intentry,sivt,init,end_init -ppowerup=CODE -pcinit=CODE \
  -pfunctab=ENTRY -k \
  C:\Users\Abdullah\AppData\Local\Temp\xcAsg5s.0\driver_tmp_12.o \
  dist/default/production\LEDsBlinking.X.production.o 

Object code version is 3.11

Machine type is 16F877A



                Name                               Link     Load   Length Selector   Space Scale
C:\Users\Abdullah\AppData\Local\Temp\xcAsg5s.0\driver_tmp_12.o
                end_init                              0        0        3        0       0
dist/default/production\LEDsBlinking.X.production.o
                cinit                               7FC      7FC        4      FF8       0
                text8                               5AE      5AE       BE      B5C       0
                text7                               51A      51A        B      A34       0
                text6                               66C      66C       BE      CD8       0
                text5                               525      525        B      A4A       0
                text4                               530      530        C      A60       0
                text3                               53C      53C        C      A78       0
                text2                               548      548       66      A90       0
                text1                               510      510        A      A20       0
                maintext                            72A      72A       D2      E54       0
                cstackCOMMON                         70       70        9       70       1

TOTAL           Name                               Link     Load   Length     Space
        CLASS   CODE           
                end_init                              0        0        3         0
                cinit                               7FC      7FC        4         0
                text8                               5AE      5AE       BE         0
                text7                               51A      51A        B         0
                text6                               66C      66C       BE         0
                text5                               525      525        B         0
                text4                               530      530        C         0
                text3                               53C      53C        C         0
                text2                               548      548       66         0
                text1                               510      510        A         0
                maintext                            72A      72A       D2         0

        CLASS   STRCODE        

        CLASS   STRING         

        CLASS   CONST          

        CLASS   ENTRY          

        CLASS   COMMON         
                cstackCOMMON                         70       70        9         1

        CLASS   BANK0          

        CLASS   BANK1          

        CLASS   BANK2          

        CLASS   BANK3          

        CLASS   RAM            

        CLASS   ABS1           
                abs_s1                               7E       7E        2         1

        CLASS   SFR0           

        CLASS   SFR1           

        CLASS   SFR2           

        CLASS   SFR3           

        CLASS   CONFIG         

        CLASS   IDLOC          

        CLASS   EEDATA         

        CLASS   HEAP           

        CLASS   STACK          



SEGMENTS        Name                           Load    Length   Top    Selector   Space  Class     Delta

                reset_vec                      000000  000003  000003         0       0  CODE        2
                cstackCOMMON                   000070  000009  000079        70       1  COMMON      1
                text1                          000510  00000A  00051A       A20       0  CODE        2
                text7                          00051A  00000B  000525       A34       0  CODE        2
                text5                          000525  00000B  000530       A4A       0  CODE        2
                text4                          000530  00000C  00053C       A60       0  CODE        2
                text3                          00053C  00000C  000548       A78       0  CODE        2
                text2                          000548  000066  0005AE       A90       0  CODE        2
                text8                          0005AE  0000BE  00066C       B5C       0  CODE        2
                text6                          00066C  0000BE  00072A       CD8       0  CODE        2
                maintext                       00072A  0000D2  0007FC       E54       0  CODE        2
                cinit                          0007FC  000004  000800       FF8       0  CODE        2


UNUSED ADDRESS RANGES

        Name                Unused          Largest block    Delta
        BANK0            0020-006F             50           1
        BANK1            00A0-00EF             50           1
        BANK2            0110-016F             60           1
        BANK3            0190-01EF             60           1
        CODE             0003-050F            50D           2
                         0800-1FFF            800
        COMMON           0079-007D              5           1
        CONFIG           2007-2007              1           2
        CONST            0003-050F            100           2
                         0800-1FFF            100
        EEDATA           2100-21FF            100           2
        ENTRY            0003-050F            100           2
                         0800-1FFF            100
        IDLOC            2000-2003              4           2
        RAM              0020-006F             50           1
                         00A0-00EF             50
                         0110-016F             60
                         0190-01EF             60
        SFR0             0000-001F             20           1
        SFR1             0080-009F             20           1
        SFR2             0100-010F             10           1
        SFR3             0180-018F             10           1
        STRCODE          0003-050F            50D           2
                         0800-1FFF           1800
        STRING           0003-050F            100           2
                         0800-1FFF            100

                                  Symbol Table

GPIO_GetPinValue@Local_Value   cstackCOMMON 0073
GPIO_GetPinValue@Pin           cstackCOMMON 0070
GPIO_GetPinValue@Port          cstackCOMMON 0072
GPIO_SetPinDirection@Direction cstackCOMMON 0071
GPIO_SetPinDirection@Pin       cstackCOMMON 0070
GPIO_SetPinDirection@Port      cstackCOMMON 0073
GPIO_SetPinValue@Pin           cstackCOMMON 0070
GPIO_SetPinValue@Port          cstackCOMMON 0073
GPIO_SetPinValue@Value         cstackCOMMON 0071
LED_Init@Pin                   cstackCOMMON 0074
LED_Init@Port                  cstackCOMMON 0075
LED_Off@Pin                    cstackCOMMON 0074
LED_Off@Port                   cstackCOMMON 0075
LED_On@Pin                     cstackCOMMON 0074
LED_On@Port                    cstackCOMMON 0075
Switch_Init@Pin                cstackCOMMON 0074
Switch_Init@Port               cstackCOMMON 0075
_GPIO_GetPinValue              text2        0548
_GPIO_SetPinDirection          text8        05AE
_GPIO_SetPinValue              text6        066C
_LED_Init                      text7        051A
_LED_Off                       text5        0525
_LED_On                        text4        0530
_Switch_Init                   text3        053C
__H__absolute__                __absolute__ 0000
__Habs1                        abs1         0000
__Hbank0                       bank0        0000
__Hbank1                       bank1        0000
__Hbank2                       bank2        0000
__Hbank3                       bank3        0000
__Hcinit                       cinit        0800
__Hclrtext                     clrtext      0000
__Hcode                        code         0000
__Hcommon                      common       0000
__HcstackCOMMON                cstackCOMMON 0000
__Heeprom_data                 eeprom_data  0000
__Hend_init                    end_init     0003
__Hfunctab                     functab      0000
__Hheap                        heap         0000
__Hinit                        init         0000
__Hintentry                    intentry     0000
__Hmaintext                    maintext     0000
__Hpowerup                     powerup      0000
__Hram                         ram          0000
__Hreset_vec                   reset_vec    0000
__Hsfr0                        sfr0         0000
__Hsfr1                        sfr1         0000
__Hsfr2                        sfr2         0000
__Hsfr3                        sfr3         0000
__Hsivt                        sivt         0000
__Hspace_0                     (abs)        0800
__Hspace_1                     (abs)        0079
__Hspace_2                     (abs)        0000
__Hspace_3                     (abs)        0000
__Hstack                       stack        0000
__Hstrings                     strings      0000
__Htext                        text         0000
__L__absolute__                __absolute__ 0000
__Labs1                        abs1         0000
__Lbank0                       bank0        0000
__Lbank1                       bank1        0000
__Lbank2                       bank2        0000
__Lbank3                       bank3        0000
__Lcinit                       cinit        07FC
__Lclrtext                     clrtext      0000
__Lcode                        code         0000
__Lcommon                      common       0000
__LcstackCOMMON                cstackCOMMON 0000
__Leeprom_data                 eeprom_data  0000
__Lend_init                    end_init     0000
__Lfunctab                     functab      0000
__Lheap                        heap         0000
__Linit                        init         0000
__Lintentry                    intentry     0000
__Lmaintext                    maintext     0000
__Lpowerup                     powerup      0000
__Lram                         ram          0000
__Lreset_vec                   reset_vec    0000
__Lsfr0                        sfr0         0000
__Lsfr1                        sfr1         0000
__Lsfr2                        sfr2         0000
__Lsfr3                        sfr3         0000
__Lsivt                        sivt         0000
__Lspace_0                     (abs)        0000
__Lspace_1                     (abs)        0000
__Lspace_2                     (abs)        0000
__Lspace_3                     (abs)        0000
__Lstack                       stack        0000
__Lstrings                     strings      0000
__Ltext                        text         0000
__S0                           (abs)        0800
__S1                           (abs)        0079
__S3                           (abs)        0000
___heap_hi                     (abs)        0000
___heap_lo                     (abs)        0000
___int_sp                      stack        0000
___int_stack_hi                stack        0000
___int_stack_lo                stack        0000
___latbits                     (abs)        0002
___sp                          stack        0000
___stack_hi                    stack        0000
___stack_lo                    stack        0000
___stackhi                     (abs)        0000
___stacklo                     (abs)        0000
__end_of_GPIO_GetPinValue      text2        05AE
__end_of_GPIO_SetPinDirection  text8        066C
__end_of_GPIO_SetPinValue      text6        072A
__end_of_LED_Init              text7        0525
__end_of_LED_Off               text5        0530
__end_of_LED_On                text4        053C
__end_of_Switch_Init           text3        0548
__end_of__initialization       cinit        07FC
__end_of_main                  maintext     07FC
__end_of_switch_read           text1        051A
__initialization               cinit        07FC
__pcstackCOMMON                cstackCOMMON 0070
__pmaintext                    maintext     072A
__ptext1                       text1        0510
__ptext2                       text2        0548
__ptext3                       text3        053C
__ptext4                       text4        0530
__ptext5                       text5        0525
__ptext6                       text6        066C
__ptext7                       text7        051A
__ptext8                       text8        05AE
_main                          maintext     072A
_switch_read                   text1        0510
btemp                          (abs)        007E
btemp0                         (abs)        007E
btemp1                         (abs)        007F
end_of_initialization          cinit        07FC
intlevel0                      functab      0000
intlevel1                      functab      0000
intlevel2                      functab      0000
intlevel3                      functab      0000
intlevel4                      functab      0000
intlevel5                      functab      0000
ltemp0a                        (abs)        0080
reset_vec                      reset_vec    0000
start                          init         0000
start_initialization           cinit        07FC
switch_read@Pin                cstackCOMMON 0074
switch_read@Port               cstackCOMMON 0075
ttemp0a                        (abs)        007F
wtemp0                         (abs)        007E
wtemp0a                        (abs)        007F


MODULE INFORMATION

Module		Function		Class		Link	Load	Size
../ES_Course_Labs/HAL/Switch/Switch.c
		_Switch_Init   		CODE           	053C	0000	12
		_switch_read   		CODE           	0510	0000	10

../ES_Course_Labs/HAL/Switch/Switch.c estimated size: 22

../ES_Course_Labs/APP/main.c
		_main          		CODE           	072A	0000	210

../ES_Course_Labs/APP/main.c estimated size: 210

../ES_Course_Labs/MCAL/GPIO/GPIO.c
		_GPIO_SetPinDirection		CODE           	05AE	0000	190
		_GPIO_GetPinValue		CODE           	0548	0000	102
		_GPIO_SetPinValue		CODE           	066C	0000	190

../ES_Course_Labs/MCAL/GPIO/GPIO.c estimated size: 482

shared
		__initialization		CODE           	07FC	0000	1

shared estimated size: 1

../ES_Course_Labs/HAL/LED/LED.c
		_LED_Init      		CODE           	051A	0000	11
		_LED_Off       		CODE           	0525	0000	11
		_LED_On        		CODE           	0530	0000	12

../ES_Course_Labs/HAL/LED/LED.c estimated size: 34

